// Jest Snapshot v1, https://goo.gl/fbAQLP

exports[`Home Module should match with the snapshot 1`] = `
<div
  className="container"
>
  <div
    className="row"
  >
    <div
      className="col"
    >
      <div
        className="row justify-content-center"
      >
        <div
          className="col col-md-10 col-lg-6"
        >
          <div
            className="domain-table"
          >
            <table
              className="table table-hover"
            >
              <thead>
                <tr>
                  <th>
                    Domains name
                  </th>
                  <th>
                    Uniregistry
                  </th>
                  <th>
                    Price
                  </th>
                </tr>
              </thead>
              <tbody />
            </table>
          </div>
          <div
            className="domain-form"
          />
        </div>
      </div>
    </div>
  </div>
</div>
`;
